// Jest Snapshot v1, https://goo.gl/fbAQLP

exports[`TopRecipes page component  render as expected  1`] = `
<Connect(RecipesDisplay)
  favouriteRecipes={
    Array [
      Object {
        "category": "drinks",
        "downVotes": 1,
        "id": 1,
        "image": Object {},
        "name": "capachino",
        "upVotes": 1,
        "views": 1,
      },
    ]
  }
  getFavouriteRecipes={[Function]}
  getRecipes={[Function]}
  title="Favourite recipes"
  user={
    Object {
      "favRecipes": Array [
        Object {
          "id": 1,
        },
      ],
      "id": 1,
    }
  }
/>
`;
