// Jest Snapshot v1, https://goo.gl/fbAQLP

exports[`Recipe editor component  render as expected when component is mounted 1`] = `
<div
  className="container main"
  style={
    Object {
      "maxWidth": "unset",
    }
  }
>
  <div>
    <div
      className="row d-flex justify-content-between align-items-start"
      style={
        Object {
          "margin": "0.5em",
        }
      }
    >
      <div
        className="col-xs-12 col-sm-12 col-md-12 col-lg-4 name-category no-padding"
      >
        <Connect(ReduxForm) />
        <Connect(RecipeImage) />
      </div>
      <div
        className="col-xs-12 col-sm-6 col-md-6 col-lg-4 d-flex ingredients no-padding"
      >
        <ReduxForm />
      </div>
      <div
        className="col-xs-12 col-sm-6 col-md-6 col-lg-4 d-flex directions no-padding"
      >
        <ReduxForm />
      </div>
      <Button
        Tag="button"
        className="btn-secondary btn-lg w-100 text-uppercase add-recipe-btn"
        dataTarget=""
        dataToggle=""
        handleClick={[Function]}
        href=""
        text="post"
        type="button"
      />
    </div>
  </div>
</div>
`;

exports[`Recipe editor component  render as expected when recipe was not found 1`] = `
<div
  className="container main"
  style={
    Object {
      "maxWidth": "unset",
    }
  }
>
  <NotFound
    message="Recipe not found"
  />
</div>
`;
