// Jest Snapshot v1, https://goo.gl/fbAQLP

exports[`Items list component  render as expected 1`] = `
<div
  className="items-list"
>
  <div
    className="d-flex flex-column "
  />
  <div
    className="d-flex flex-column "
  />
</div>
`;
