// Jest Snapshot v1, https://goo.gl/fbAQLP

exports[`TopRecipes page component  render as expected  1`] = `
<Connect(RecipesDisplay)
  getRecipes={[Function]}
  getTopRecipes={[Function]}
  recipes={
    Array [
      Object {
        "category": "drinks",
        "downVotes": 1,
        "id": 1,
        "image": Object {},
        "name": "capachino",
        "upVotes": 1,
        "views": 1,
      },
    ]
  }
  title="Top recipes"
  topRecipes={
    Array [
      Object {
        "category": "drinks",
        "downVotes": 1,
        "id": 1,
        "image": Object {},
        "name": "capachino",
        "upVotes": 1,
        "views": 1,
      },
    ]
  }
  user={
    Object {
      "favRecipes": Array [
        Object {
          "id": 1,
        },
      ],
      "id": 1,
    }
  }
/>
`;
